
> mywebsite@0.1.0 build
> next build

   ▲ Next.js 15.3.3

   Creating an optimized production build ...
 ✓ Compiled successfully in 0ms
   Linting and checking validity of types ...
   Collecting page data ...
   Generating static pages (0/7) ...
   Generating static pages (1/7) 
   Generating static pages (3/7) 
   Generating static pages (5/7) 
 ✓ Generating static pages (7/7)
   Finalizing page optimization ...
   Collecting build traces ...
   Exporting (0/3) ...
 ✓ Exporting (3/3)

Route (app)                                 Size  First Load JS
┌ ○ /                                      581 B         110 kB
├ ○ /_not-found                            978 B         102 kB
├ ○ /about                                 385 B         102 kB
└ ○ /projects                              419 B         110 kB
+ First Load JS shared by all             101 kB
  ├ chunks/4bd1b696-52a6696c08e3276c.js  53.2 kB
  ├ chunks/684-d63fcb154ff3ff09.js       46.1 kB
  └ other shared chunks (total)          1.93 kB


○  (Static)  prerendered as static content

